(agda2-status-action "")
(agda2-info-action "*Type-checking*" "" nil)
(agda2-highlight-clear)
(agda2-status-action "")
(agda2-info-action "*All Goals*" "?0 : Bool ?1 : A ?2 : Bool " nil)
((last . 1) . (agda2-goals-action '(0 1 2)))
((last . 2) . (agda2-make-case-action '("idTrue true eq = ?")))
((last . 1) . (agda2-goals-action '(0 1 2)))
((last . 2) . (agda2-make-case-action '("absurd ()")))
((last . 1) . (agda2-goals-action '(0 1 2)))
((last . 2) . (agda2-make-case-action '("idTrue' false ()" "idTrue' true refl = ?")))
((last . 1) . (agda2-goals-action '(0 1 2)))
